###############################################################################
#
# IAR C/C++ Compiler V10.20.1.5333 for 8051               23/Dec/2019  15:34:08
# Copyright 2004-2018 IAR Systems AB.
# PC-locked license - IAR Embedded Workbench for 8051
#
#    Core               =  plain
#    Code model         =  banked
#    Data model         =  large
#    Calling convention =  xdata reentrant
#    Constant location  =  data_rom
#    Dptr setup         =  1,16
#                          
#    Source file        =  
#        D:\ZStack-CC2530-2.5.1a\Projects\zstack\Samples\GenericApp\CC2530DB\Coordinator.c
#    Command line       =  
#        -f C:\Users\17245\AppData\Local\Temp\EW7DE7.tmp
#        (D:\ZStack-CC2530-2.5.1a\Projects\zstack\Samples\GenericApp\CC2530DB\Coordinator.c
#        -D ZTOOL_P1 -D MT_TASK -D MT_SYS_FUNC -D MT_ZDO_FUNC -D
#        LCD_SUPPORTED=DEBUG -D HAL_UART=TRUE -lC
#        D:\ZStack-CC2530-2.5.1a\Projects\zstack\Samples\GenericApp\CC2530DB\CoordinatorEB\List
#        -lA
#        D:\ZStack-CC2530-2.5.1a\Projects\zstack\Samples\GenericApp\CC2530DB\CoordinatorEB\List
#        --diag_suppress Pe001,Pa010 -o
#        D:\ZStack-CC2530-2.5.1a\Projects\zstack\Samples\GenericApp\CC2530DB\CoordinatorEB\Obj
#        -e --debug --core=plain --dptr=16,1 --data_model=large
#        --code_model=banked --calling_convention=xdata_reentrant
#        --place_constants=data_rom --nr_virtual_regs 8 -f
#        D:\ZStack-CC2530-2.5.1a\Projects\zstack\Samples\GenericApp\CC2530DB\..\..\..\Tools\CC2530DB\f8wCoord.cfg
#        (-DCPU32MHZ -DROOT=__near_func -DMAC_CFG_APP_PENDING_QUEUE=TRUE
#        -DMAC_CFG_TX_DATA_MAX=5 -DMAC_CFG_TX_MAX=8 -DMAC_CFG_RX_MAX=5
#        -DZDO_COORDINATOR -DRTR_NWK) -f
#        D:\ZStack-CC2530-2.5.1a\Projects\zstack\Samples\GenericApp\CC2530DB\..\..\..\Tools\CC2530DB\f8wConfig.cfg
#        (-DZIGBEEPRO -DSECURE=0 -DZG_SECURE_DYNAMIC=0 -DREFLECTOR
#        -DDEFAULT_CHANLIST=0x00000800 -DZDAPP_CONFIG_PAN_ID=0xFFFF
#        -DNWK_START_DELAY=100 -DEXTENDED_JOINING_RANDOM_MASK=0x007F
#        -DBEACON_REQUEST_DELAY=100 -DBEACON_REQ_DELAY_MASK=0x00FF
#        -DLINK_STATUS_JITTER_MASK=0x007F -DROUTE_EXPIRY_TIME=30
#        -DAPSC_ACK_WAIT_DURATION_POLLED=3000 -DNWK_INDIRECT_MSG_TIMEOUT=7
#        -DMAX_RREQ_ENTRIES=8 -DAPSC_MAX_FRAME_RETRIES=3
#        -DNWK_MAX_DATA_RETRIES=2 -DMAX_POLL_FAILURE_RETRIES=2 -DMAX_BCAST=9
#        -DAPS_MAX_GROUPS=16 -DMAX_RTG_ENTRIES=40 -DNWK_MAX_BINDING_ENTRIES=4
#        -DMAX_BINDING_CLUSTER_IDS=4 "-DDEFAULT_KEY={0x01, 0x03, 0x05, 0x07,
#        0x09, 0x0B, 0x0D, 0x0F, 0x00, 0x02, 0x04, 0x06, 0x08, 0x0A, 0x0C,
#        0x0D}" -DMAC_MAX_FRAME_SIZE=116 -DZDNWKMGR_MIN_TRANSMISSIONS=20
#        "-DCONST=const __code" -DGENERIC=__generic -DRFD_RCVC_ALWAYS_ON=FALSE
#        -DPOLL_RATE=1000 -DQUEUED_POLL_RATE=100 -DRESPONSE_POLL_RATE=100
#        -DREJOIN_POLL_RATE=440) -I
#        D:\ZStack-CC2530-2.5.1a\Projects\zstack\Samples\GenericApp\CC2530DB\
#        -I
#        D:\ZStack-CC2530-2.5.1a\Projects\zstack\Samples\GenericApp\CC2530DB\..\Source\
#        -I
#        D:\ZStack-CC2530-2.5.1a\Projects\zstack\Samples\GenericApp\CC2530DB\..\..\..\ZMain\TI2530DB\
#        -I
#        D:\ZStack-CC2530-2.5.1a\Projects\zstack\Samples\GenericApp\CC2530DB\..\..\..\..\..\Components\hal\include\
#        -I
#        D:\ZStack-CC2530-2.5.1a\Projects\zstack\Samples\GenericApp\CC2530DB\..\..\..\..\..\Components\hal\target\CC2530EB\
#        -I
#        D:\ZStack-CC2530-2.5.1a\Projects\zstack\Samples\GenericApp\CC2530DB\..\..\..\..\..\Components\mac\include\
#        -I
#        D:\ZStack-CC2530-2.5.1a\Projects\zstack\Samples\GenericApp\CC2530DB\..\..\..\..\..\Components\mac\high_level\
#        -I
#        D:\ZStack-CC2530-2.5.1a\Projects\zstack\Samples\GenericApp\CC2530DB\..\..\..\..\..\Components\mac\low_level\srf04\
#        -I
#        D:\ZStack-CC2530-2.5.1a\Projects\zstack\Samples\GenericApp\CC2530DB\..\..\..\..\..\Components\mac\low_level\srf04\single_chip\
#        -I
#        D:\ZStack-CC2530-2.5.1a\Projects\zstack\Samples\GenericApp\CC2530DB\..\..\..\..\..\Components\mt\
#        -I
#        D:\ZStack-CC2530-2.5.1a\Projects\zstack\Samples\GenericApp\CC2530DB\..\..\..\..\..\Components\osal\include\
#        -I
#        D:\ZStack-CC2530-2.5.1a\Projects\zstack\Samples\GenericApp\CC2530DB\..\..\..\..\..\Components\services\saddr\
#        -I
#        D:\ZStack-CC2530-2.5.1a\Projects\zstack\Samples\GenericApp\CC2530DB\..\..\..\..\..\Components\services\sdata\
#        -I
#        D:\ZStack-CC2530-2.5.1a\Projects\zstack\Samples\GenericApp\CC2530DB\..\..\..\..\..\Components\stack\af\
#        -I
#        D:\ZStack-CC2530-2.5.1a\Projects\zstack\Samples\GenericApp\CC2530DB\..\..\..\..\..\Components\stack\nwk\
#        -I
#        D:\ZStack-CC2530-2.5.1a\Projects\zstack\Samples\GenericApp\CC2530DB\..\..\..\..\..\Components\stack\sapi\
#        -I
#        D:\ZStack-CC2530-2.5.1a\Projects\zstack\Samples\GenericApp\CC2530DB\..\..\..\..\..\Components\stack\sec\
#        -I
#        D:\ZStack-CC2530-2.5.1a\Projects\zstack\Samples\GenericApp\CC2530DB\..\..\..\..\..\Components\stack\sys\
#        -I
#        D:\ZStack-CC2530-2.5.1a\Projects\zstack\Samples\GenericApp\CC2530DB\..\..\..\..\..\Components\stack\zdo\
#        -I
#        D:\ZStack-CC2530-2.5.1a\Projects\zstack\Samples\GenericApp\CC2530DB\..\..\..\..\..\Components\zmac\
#        -I
#        D:\ZStack-CC2530-2.5.1a\Projects\zstack\Samples\GenericApp\CC2530DB\..\..\..\..\..\Components\zmac\f8w\
#        -Ohz --no_code_motion)
#    Locale             =  Chinese (Simplified)_CHN.936
#    List file          =  
#        D:\ZStack-CC2530-2.5.1a\Projects\zstack\Samples\GenericApp\CC2530DB\CoordinatorEB\List\Coordinator.lst
#    Object file        =  
#        D:\ZStack-CC2530-2.5.1a\Projects\zstack\Samples\GenericApp\CC2530DB\CoordinatorEB\Obj\Coordinator.r51
#
###############################################################################

D:\ZStack-CC2530-2.5.1a\Projects\zstack\Samples\GenericApp\CC2530DB\Coordinator.c
      1          #include "OSAL.h"
      2          #include "AF.h"
      3          #include "ZDApp.h"
      4          #include "ZDObject.h"
      5          #include "ZDProfile.h"
      6          #include <string.h>
      7          #include "Coordinator.h"
      8          #include "DebugTrace.h"
      9          
     10          #if !defined( WIN32 )
     11            #include "OnBoard.h"
     12          #endif
     13          
     14          /* HAL */
     15          #include "hal_lcd.h"
     16          #include "hal_led.h"
     17          #include "hal_key.h"
     18          #include "hal_uart.h"
     19          
     20          #define SEND_TO_ALL_EVENT       0X01
     21          #define UART_TX_EVENT          0X0001
     22          
     23          

   \                                 In  segment XDATA_ROM_C, align 1
     24          const cId_t GenericApp_ClusterList[GENERICAPP_MAX_CLUSTERS] =
   \                     GenericApp_ClusterList:
   \   000000   0100         DW 1
     25          {
     26            GENERICAPP_CLUSTERID
     27          };
     28          

   \                                 In  segment XDATA_ROM_C, align 1
     29          const SimpleDescriptionFormat_t GenericApp_SimpleDesc =
   \                     GenericApp_SimpleDesc:
   \   000000   0A           DB 10
   \   000001   040F         DW 3844
   \   000003   0100         DW 1
   \   000005   00           DB 0
   \   000006   01           DB 1
   \   000007   ....         DW GenericApp_ClusterList
   \   000009   00           DB 0
   \   00000A   0000         DW 0H
     30          {
     31            GENERICAPP_ENDPOINT,              //  int Endpoint;
     32            GENERICAPP_PROFID,                //  uint16 AppProfId[2];
     33            GENERICAPP_DEVICEID,              //  uint16 AppDeviceId[2];
     34            GENERICAPP_DEVICE_VERSION,        //  int   AppDevVer:4;
     35            GENERICAPP_FLAGS,                 //  int   AppFlags:4;
     36            GENERICAPP_MAX_CLUSTERS,          //  byte  AppNumInClusters;
     37            (cId_t *)GenericApp_ClusterList,  //  byte *pAppInClusterList;
     38            0,
     39            (cId_t *)NULL
     40          };
     41          
     42            
     43          typedef struct DataPack
     44          {
     45           unsigned char username[5];                     //用户名：Maker 
     46           unsigned char password[6];                     //密码：116114
     47           unsigned char LightStatus;
     48           unsigned char CurtainStatus;                    //窗帘设置四档  1 2 3 4 
     49           unsigned char AirConditioning[3];                  //空调开关及调温
     50           unsigned char DrinkingFountainStatus;
     51           unsigned char endl; 
     52          }DataPack;
     53          

   \                                 In  segment XDATA_Z, align 1, keep-with-next
     54          endPointDesc_t GenericApp_epDesc;
   \                     GenericApp_epDesc:
   \   000000                DS 6
   \   000006                REQUIRE __INIT_XDATA_Z

   \                                 In  segment XDATA_Z, align 1, keep-with-next
     55          byte GenericApp_TaskID; 
   \                     GenericApp_TaskID:
   \   000000                DS 1
   \   000001                REQUIRE __INIT_XDATA_Z

   \                                 In  segment XDATA_Z, align 1, keep-with-next
     56          byte GenericApp_TransID;
   \                     GenericApp_TransID:
   \   000000                DS 1
   \   000001                REQUIRE __INIT_XDATA_Z
     57          

   \                                 In  segment XDATA_Z, align 1, keep-with-next
     58          unsigned char *reply;
   \                     reply:
   \   000000                DS 2
   \   000002                REQUIRE __INIT_XDATA_Z
     59          void GenericApp_MessageMSGCB( afIncomingMSGPacket_t *pckt );
     60          void GenericApp_SendTheMessage(void);
     61          void delay(long);
     62          static void rxCB(uint8 port,uint8 event);
     63          void DataProcessing(unsigned char AF_Data[4]);
     64          void DataInit(void);
     65          /***用户自定义变(常)量区***/

   \                                 In  segment XDATA_Z, align 1, keep-with-next
     66          unsigned char cache[128];
   \                     cache:
   \   000000                DS 128
   \   000080                REQUIRE __INIT_XDATA_Z

   \                                 In  segment XDATA_Z, align 1, keep-with-next
     67          unsigned char AF_DataPack[7];
   \                     AF_DataPack:
   \   000000                DS 7
   \   000007                REQUIRE __INIT_XDATA_Z

   \                                 In  segment XDATA_Z, align 1, keep-with-next
     68          DataPack UART_DataPack;
   \                     UART_DataPack:
   \   000000                DS 18
   \   000012                REQUIRE __INIT_XDATA_Z

   \                                 In  segment XDATA_I, align 1, keep-with-next
     69          char This_username[] = "Maker";
   \                     This_username:
   \   000000                DS 6
   \   000006                REQUIRE `?<Initializer for This_username>`
   \   000006                REQUIRE __INIT_XDATA_I

   \                                 In  segment XDATA_I, align 1, keep-with-next
     70          char This_password[] = "116114";
   \                     This_password:
   \   000000                DS 7
   \   000007                REQUIRE `?<Initializer for This_password>`
   \   000007                REQUIRE __INIT_XDATA_I
     71          
     72          /**************************/
     73          

   \                                 In  segment BANKED_CODE, align 1, keep-with-next
     74          void GenericApp_Init(byte task_id)
   \                     GenericApp_Init:
     75          {
   \   000000   74F7         MOV       A,#-0x9
   \   000002   12....       LCALL     ?BANKED_ENTER_XDATA
   \   000005                ; Saved register size: 9
   \   000005                ; Auto size: 29
   \   000005   74E3         MOV       A,#-0x1d
   \   000007   12....       LCALL     ?ALLOC_XSTACK8
   \   00000A   E9           MOV       A,R1
     76            halUARTCfg_t uartConfig;             //串口配置 halUARTCfg_t 为结构体
     77            GenericApp_TaskID             = task_id;
   \   00000B   90....       MOV       DPTR,#GenericApp_TaskID
   \   00000E   F0           MOVX      @DPTR,A
     78            GenericApp_TransID            = 0;
   \   00000F   90....       MOV       DPTR,#GenericApp_TransID
   \   000012   E4           CLR       A
   \   000013   F0           MOVX      @DPTR,A
     79            GenericApp_epDesc.endPoint    = GENERICAPP_ENDPOINT;
   \   000014   90....       MOV       DPTR,#GenericApp_epDesc
   \   000017   740A         MOV       A,#0xa
   \   000019   F0           MOVX      @DPTR,A
     80            GenericApp_epDesc.task_id     = &GenericApp_TaskID;
   \   00001A   A3           INC       DPTR
   \   00001B   74..         MOV       A,#GenericApp_TaskID & 0xff
   \   00001D   F0           MOVX      @DPTR,A
   \   00001E   A3           INC       DPTR
   \   00001F   74..         MOV       A,#(GenericApp_TaskID >> 8) & 0xff
   \   000021   F0           MOVX      @DPTR,A
     81            GenericApp_epDesc.simpleDesc  = 
     82                  (SimpleDescriptionFormat_t *)&GenericApp_SimpleDesc;
   \   000022   A3           INC       DPTR
   \   000023   74..         MOV       A,#GenericApp_SimpleDesc & 0xff
   \   000025   F0           MOVX      @DPTR,A
   \   000026   A3           INC       DPTR
   \   000027   74..         MOV       A,#(GenericApp_SimpleDesc >> 8) & 0xff
   \   000029   F0           MOVX      @DPTR,A
     83            GenericApp_epDesc.latencyReq  = noLatencyReqs;
   \   00002A   A3           INC       DPTR
   \   00002B   E4           CLR       A
   \   00002C   F0           MOVX      @DPTR,A
     84            afRegister(&GenericApp_epDesc);
   \   00002D                ; Setup parameters for call to function afRegister
   \   00002D   7A..         MOV       R2,#GenericApp_epDesc & 0xff
   \   00002F   7B..         MOV       R3,#(GenericApp_epDesc >> 8) & 0xff
   \   000031   12....       LCALL     `??afRegister::?relay`; Banked call to: afRegister
     85            
     86            DataInit();
   \   000034                ; Setup parameters for call to function DataInit
   \   000034   12....       LCALL     `??DataInit::?relay`; Banked call to: DataInit
     87            
     88            uartConfig.configured         = TRUE;
   \   000037   85..82       MOV       DPL,?XSP + 0
   \   00003A   85..83       MOV       DPH,?XSP + 1
   \   00003D   7401         MOV       A,#0x1
   \   00003F   F0           MOVX      @DPTR,A
     89            uartConfig.baudRate           = HAL_UART_BR_115200;
   \   000040   12....       LCALL     ?XSTACK_DISP0_8
   \   000043   7404         MOV       A,#0x4
   \   000045   F0           MOVX      @DPTR,A
     90            uartConfig.flowControl        = FALSE;
   \   000046   7402         MOV       A,#0x2
   \   000048   12....       LCALL     ?XSTACK_DISP0_8
   \   00004B   E4           CLR       A
   \   00004C   F0           MOVX      @DPTR,A
     91            uartConfig.callBackFunc       = rxCB;
   \   00004D   741B         MOV       A,#0x1b
   \   00004F   12....       LCALL     ?XSTACK_DISP0_8
   \   000052   74..         MOV       A,#`??rxCB::?relay` & 0xff
   \   000054   F0           MOVX      @DPTR,A
   \   000055   A3           INC       DPTR
   \   000056   74..         MOV       A,#(`??rxCB::?relay` >> 8) & 0xff
   \   000058   F0           MOVX      @DPTR,A
     92            HalUARTOpen (0,&uartConfig);
   \   000059                ; Setup parameters for call to function HalUARTOpen
   \   000059   AA..         MOV       R2,?XSP + 0
   \   00005B   AB..         MOV       R3,?XSP + 1
   \   00005D   7900         MOV       R1,#0x0
   \   00005F   12....       LCALL     `??HalUARTOpen::?relay`; Banked call to: HalUARTOpen
     93          }
   \   000062   741D         MOV       A,#0x1d
   \   000064   12....       LCALL     ?DEALLOC_XSTACK8
   \   000067   7F01         MOV       R7,#0x1
   \   000069   02....       LJMP      ?BANKED_LEAVE_XDATA
     94          

   \                                 In  segment BANKED_CODE, align 1, keep-with-next
     95          void DataInit(void)
   \                     DataInit:
     96          {
   \   000000   C082         PUSH      DPL
   \   000002   C083         PUSH      DPH
   \   000004                ; Saved register size: 2
   \   000004                ; Auto size: 0
     97            for(int i=0;i<5;i++)
   \   000004   7800         MOV       R0,#0x0
   \   000006   7900         MOV       R1,#0x0
     98            {
     99              UART_DataPack.username[i] = This_username[i];
   \                     ??DataInit_0:
   \   000008   74..         MOV       A,#This_username & 0xff
   \   00000A   28           ADD       A,R0
   \   00000B   F582         MOV       DPL,A
   \   00000D   74..         MOV       A,#(This_username >> 8) & 0xff
   \   00000F   39           ADDC      A,R1
   \   000010   F583         MOV       DPH,A
   \   000012   E0           MOVX      A,@DPTR
   \   000013   C0E0         PUSH      A
   \   000015   74..         MOV       A,#UART_DataPack & 0xff
   \   000017   28           ADD       A,R0
   \   000018   F582         MOV       DPL,A
   \   00001A   74..         MOV       A,#(UART_DataPack >> 8) & 0xff
   \   00001C   39           ADDC      A,R1
   \   00001D   F583         MOV       DPH,A
   \   00001F   D0E0         POP       A
   \   000021   F0           MOVX      @DPTR,A
    100            }
   \   000022   08           INC       R0
   \   000023   E8           MOV       A,R0
   \   000024   7001         JNZ       ??DataInit_1
   \   000026   09           INC       R1
   \                     ??DataInit_1:
   \   000027   C3           CLR       C
   \   000028   9405         SUBB      A,#0x5
   \   00002A   12....       LCALL     ?Subroutine1 & 0xFFFF
   \                     ??CrossCallReturnLabel_0:
   \   00002D   40D9         JC        ??DataInit_0
    101            
    102            for(int j=0;j<6;j++)
   \   00002F   7800         MOV       R0,#0x0
   \   000031   7900         MOV       R1,#0x0
    103            {
    104              UART_DataPack.password[j] = This_password[j];
   \                     ??DataInit_2:
   \   000033   74..         MOV       A,#This_password & 0xff
   \   000035   28           ADD       A,R0
   \   000036   F582         MOV       DPL,A
   \   000038   74..         MOV       A,#(This_password >> 8) & 0xff
   \   00003A   39           ADDC      A,R1
   \   00003B   F583         MOV       DPH,A
   \   00003D   E0           MOVX      A,@DPTR
   \   00003E   C0E0         PUSH      A
   \   000040   74..         MOV       A,#(UART_DataPack + 5) & 0xff
   \   000042   28           ADD       A,R0
   \   000043   F582         MOV       DPL,A
   \   000045   74..         MOV       A,#((UART_DataPack + 5) >> 8) & 0xff
   \   000047   39           ADDC      A,R1
   \   000048   F583         MOV       DPH,A
   \   00004A   D0E0         POP       A
   \   00004C   F0           MOVX      @DPTR,A
    105            }
   \   00004D   08           INC       R0
   \   00004E   E8           MOV       A,R0
   \   00004F   7001         JNZ       ??DataInit_3
   \   000051   09           INC       R1
   \                     ??DataInit_3:
   \   000052   C3           CLR       C
   \   000053   9406         SUBB      A,#0x6
   \   000055   12....       LCALL     ?Subroutine1 & 0xFFFF
   \                     ??CrossCallReturnLabel_1:
   \   000058   40D9         JC        ??DataInit_2
    106            UART_DataPack.LightStatus = '0';
   \   00005A   90....       MOV       DPTR,#UART_DataPack + 11
   \   00005D   7430         MOV       A,#0x30
   \   00005F   F0           MOVX      @DPTR,A
    107            UART_DataPack.CurtainStatus = '0';
   \   000060   A3           INC       DPTR
   \   000061   F0           MOVX      @DPTR,A
    108            UART_DataPack.DrinkingFountainStatus = '0';
   \   000062   90....       MOV       DPTR,#UART_DataPack + 16
   \   000065   F0           MOVX      @DPTR,A
    109            UART_DataPack.AirConditioning[0] = '0';
   \   000066   90....       MOV       DPTR,#UART_DataPack + 13
   \   000069   F0           MOVX      @DPTR,A
    110            UART_DataPack.AirConditioning[1] = '0';
   \   00006A   A3           INC       DPTR
   \   00006B   F0           MOVX      @DPTR,A
    111            UART_DataPack.AirConditioning[2] = '0';
   \   00006C   A3           INC       DPTR
   \   00006D   F0           MOVX      @DPTR,A
    112            UART_DataPack.endl = 'b';
   \   00006E   90....       MOV       DPTR,#UART_DataPack + 17
   \   000071   7462         MOV       A,#0x62
   \   000073   F0           MOVX      @DPTR,A
    113          }
   \   000074                REQUIRE ?Subroutine0
   \   000074                ; // Fall through to label ?Subroutine0

   \                                 In  segment BANKED_CODE, align 1, keep-with-next
   \                     ?Subroutine0:
   \   000000   D083         POP       DPH
   \   000002   D082         POP       DPL
   \   000004   02....       LJMP      ?BRET

   \                                 In  segment BANKED_CODE, align 1, keep-with-next
   \                     ?Subroutine1:
   \   000000   E9           MOV       A,R1
   \   000001   9400         SUBB      A,#0x0
   \   000003   A2D2         MOV       C,0xD0 /* PSW */.2
   \   000005   65D0         XRL       A,PSW
   \   000007   33           RLC       A
   \   000008   22           RET
    114          

   \                                 In  segment BANKED_CODE, align 1, keep-with-next
    115          UINT16 GenericApp_ProcessEvent( uint8 task_id, uint16 events )
   \                     GenericApp_ProcessEvent:
    116          {
   \   000000                REQUIRE ?V0
   \   000000                REQUIRE ?V1
   \   000000                REQUIRE ?V2
   \   000000                REQUIRE ?V4
   \   000000                REQUIRE ?V5
   \   000000   74F2         MOV       A,#-0xe
   \   000002   12....       LCALL     ?BANKED_ENTER_XDATA
   \   000005                ; Saved register size: 14
   \   000005                ; Auto size: 4
   \   000005   74FC         MOV       A,#-0x4
   \   000007   12....       LCALL     ?ALLOC_XSTACK8
   \   00000A   8A..         MOV       ?V4,R2
   \   00000C   8B..         MOV       ?V5,R3
    117            afIncomingMSGPacket_t *MSGpkt;
    118            if ( events & SYS_EVENT_MSG )
   \   00000E   EB           MOV       A,R3
   \   00000F   5480         ANL       A,#0x80
   \   000011   6079         JZ        ??GenericApp_ProcessEvent_0
    119            {
    120              MSGpkt = (afIncomingMSGPacket_t *)osal_msg_receive( GenericApp_TaskID );
   \   000013                ; Setup parameters for call to function osal_msg_receive
   \   000013   805A         SJMP      ??GenericApp_ProcessEvent_1
    121              while ( MSGpkt )
    122              {
    123                switch ( MSGpkt->hdr.event )
   \                     ??GenericApp_ProcessEvent_2:
   \   000015   8E82         MOV       DPL,R6
   \   000017   8F83         MOV       DPH,R7
   \   000019   E0           MOVX      A,@DPTR
   \   00001A   641A         XRL       A,#0x1a
   \   00001C   704A         JNZ       ??GenericApp_ProcessEvent_3
    124                {
    125                  case AF_INCOMING_MSG_CMD:
    126                    GenericApp_MessageMSGCB( MSGpkt );
   \   00001E   A3           INC       DPTR
   \   00001F   A3           INC       DPTR
   \   000020   A3           INC       DPTR
   \   000021   A3           INC       DPTR
   \   000022   E0           MOVX      A,@DPTR
   \   000023   6401         XRL       A,#0x1
   \   000025   7002         JNZ       ??GenericApp_ProcessEvent_4
   \   000027   A3           INC       DPTR
   \   000028   E0           MOVX      A,@DPTR
   \                     ??GenericApp_ProcessEvent_4:
   \   000029   703D         JNZ       ??GenericApp_ProcessEvent_3
   \   00002B                ; Setup parameters for call to function osal_memcpy
   \   00002B   EE           MOV       A,R6
   \   00002C   2422         ADD       A,#0x22
   \   00002E   F582         MOV       DPL,A
   \   000030   E4           CLR       A
   \   000031   3F           ADDC      A,R7
   \   000032   F583         MOV       DPH,A
   \   000034   E0           MOVX      A,@DPTR
   \   000035   F5..         MOV       ?V0,A
   \   000037   A3           INC       DPTR
   \   000038   E0           MOVX      A,@DPTR
   \   000039   F5..         MOV       ?V1,A
   \   00003B   75..00       MOV       ?V2,#0x0
   \   00003E   78..         MOV       R0,#?V0
   \   000040   12....       LCALL     ?PUSH_XSTACK_I_THREE
   \   000043   7C04         MOV       R4,#0x4
   \   000045   7D00         MOV       R5,#0x0
   \   000047   7403         MOV       A,#0x3
   \   000049   12....       LCALL     ?XSTACK_DISP101_8
   \   00004C   12....       LCALL     `??osal_memcpy::?relay`; Banked call to: osal_memcpy
   \   00004F   7403         MOV       A,#0x3
   \   000051   12....       LCALL     ?DEALLOC_XSTACK8
   \   000054                ; Setup parameters for call to function DataProcessing
   \   000054   AA..         MOV       R2,?XSP + 0
   \   000056   AB..         MOV       R3,?XSP + 1
   \   000058   12....       LCALL     `??DataProcessing::?relay`; Banked call to: DataProcessing
   \   00005B                ; Setup parameters for call to function HalUARTWrite
   \   00005B   7C12         MOV       R4,#0x12
   \   00005D   7D00         MOV       R5,#0x0
   \   00005F   7A..         MOV       R2,#UART_DataPack & 0xff
   \   000061   7B..         MOV       R3,#(UART_DataPack >> 8) & 0xff
   \   000063   7900         MOV       R1,#0x0
   \   000065   12....       LCALL     `??HalUARTWrite::?relay`; Banked call to: HalUARTWrite
    127                    break;
    128                  default: 
    129                    break;
    130                }
    131          
    132                // Release the memory
    133                osal_msg_deallocate( (uint8 *)MSGpkt );
   \                     ??GenericApp_ProcessEvent_3:
   \   000068                ; Setup parameters for call to function osal_msg_deallocate
   \   000068   EE           MOV       A,R6
   \   000069   FA           MOV       R2,A
   \   00006A   EF           MOV       A,R7
   \   00006B   FB           MOV       R3,A
   \   00006C   12....       LCALL     `??osal_msg_deallocate::?relay`; Banked call to: osal_msg_deallocate
    134          
    135                // Next
    136                MSGpkt = (afIncomingMSGPacket_t *)osal_msg_receive( GenericApp_TaskID );
   \   00006F                ; Setup parameters for call to function osal_msg_receive
   \                     ??GenericApp_ProcessEvent_1:
   \   00006F   90....       MOV       DPTR,#GenericApp_TaskID
   \   000072   E0           MOVX      A,@DPTR
   \   000073   F9           MOV       R1,A
   \   000074   12....       LCALL     `??osal_msg_receive::?relay`; Banked call to: osal_msg_receive
   \   000077   8A..         MOV       ?V0,R2
   \   000079   8B..         MOV       ?V1,R3
   \   00007B   AE..         MOV       R6,?V0
   \   00007D   AF..         MOV       R7,?V1
    137              }
   \   00007F   EE           MOV       A,R6
   \   000080   4F           ORL       A,R7
   \   000081   7092         JNZ       ??GenericApp_ProcessEvent_2
    138          
    139              // return unprocessed events
    140              return (events ^ SYS_EVENT_MSG);
   \   000083   AA..         MOV       R2,?V4
   \   000085   E5..         MOV       A,?V5
   \   000087   6480         XRL       A,#0x80
   \   000089   FB           MOV       R3,A
   \   00008A   8004         SJMP      ??GenericApp_ProcessEvent_5
    141            }
    142           
    143          
    144            // Discard unknown events
    145            return 0;
   \                     ??GenericApp_ProcessEvent_0:
   \   00008C   7A00         MOV       R2,#0x0
   \   00008E   7B00         MOV       R3,#0x0
   \                     ??GenericApp_ProcessEvent_5:
   \   000090   7404         MOV       A,#0x4
   \   000092   12....       LCALL     ?DEALLOC_XSTACK8
   \   000095   7F06         MOV       R7,#0x6
   \   000097   02....       LJMP      ?BANKED_LEAVE_XDATA
    146          }
    147          
    148          
    149          
    150          static void GenericApp_MessageMSGCB( afIncomingMSGPacket_t *pkt )
    151          {
    152            unsigned char AF_Data[4];
    153            switch  (pkt -> clusterId)
    154            {
    155            case GENERICAPP_CLUSTERID:
    156              osal_memcpy(&AF_Data,pkt->cmd.Data,sizeof(AF_Data));
    157              DataProcessing(AF_Data); 
    158              HalUARTWrite(0,(uint8*)&UART_DataPack,sizeof(UART_DataPack));
    159             // delay(40000);
    160             // osal_start48_timerEx(GenericApp_TaskID,UART_RX_CB_EVT,1000);
    161              
    162              break;
    163            }
    164          /*
    165              
    166            switch ( pkt->clusterId )
    167            {
    168              case GENERICAPP_CLUSTERID:
    169                osal_memcpy(&temperature,pkt->cmd.Data,sizeof(temperature));
    170                HalUARTWrite(0,(uint8*)&temperature,sizeof(temperature)-1);
    171              break;
    172            }*/
    173          }
    174          

   \                                 In  segment BANKED_CODE, align 1, keep-with-next
    175          void DataProcessing(unsigned char AF_Data[4])                //对终端节点传来的数据进行处理
   \                     DataProcessing:
    176          {
   \   000000   C082         PUSH      DPL
   \   000002   C083         PUSH      DPH
   \   000004                ; Saved register size: 2
   \   000004                ; Auto size: 0
    177            if(AF_Data[0] == '1')
   \   000004   8A82         MOV       DPL,R2
   \   000006   8B83         MOV       DPH,R3
   \   000008   E0           MOVX      A,@DPTR
   \   000009   6431         XRL       A,#0x31
   \   00000B   7006         JNZ       ??DataProcessing_0
    178            {
    179              UART_DataPack.LightStatus = AF_Data[1];
   \   00000D   A3           INC       DPTR
   \   00000E   E0           MOVX      A,@DPTR
   \   00000F   90....       MOV       DPTR,#UART_DataPack + 11
   \   000012   F0           MOVX      @DPTR,A
    180            }
    181            if(AF_Data[0] == '2')
   \                     ??DataProcessing_0:
   \   000013   8A82         MOV       DPL,R2
   \   000015   8B83         MOV       DPH,R3
   \   000017   E0           MOVX      A,@DPTR
   \   000018   6432         XRL       A,#0x32
   \   00001A   7006         JNZ       ??DataProcessing_1
    182            {
    183              UART_DataPack.CurtainStatus = AF_Data[1];
   \   00001C   A3           INC       DPTR
   \   00001D   E0           MOVX      A,@DPTR
   \   00001E   90....       MOV       DPTR,#UART_DataPack + 12
   \   000021   F0           MOVX      @DPTR,A
    184            }
    185            if(AF_Data[0] == '3')
   \                     ??DataProcessing_1:
   \   000022   8A82         MOV       DPL,R2
   \   000024   8B83         MOV       DPH,R3
   \   000026   E0           MOVX      A,@DPTR
   \   000027   6433         XRL       A,#0x33
   \   000029   701D         JNZ       ??DataProcessing_2
    186            {
    187              UART_DataPack.AirConditioning[0] = AF_Data[1];
   \   00002B   A3           INC       DPTR
   \   00002C   E0           MOVX      A,@DPTR
   \   00002D   90....       MOV       DPTR,#UART_DataPack + 13
   \   000030   F0           MOVX      @DPTR,A
    188              UART_DataPack.AirConditioning[1] = AF_Data[2];
   \   000031   8A82         MOV       DPL,R2
   \   000033   8B83         MOV       DPH,R3
   \   000035   A3           INC       DPTR
   \   000036   A3           INC       DPTR
   \   000037   E0           MOVX      A,@DPTR
   \   000038   90....       MOV       DPTR,#UART_DataPack + 14
   \   00003B   F0           MOVX      @DPTR,A
    189              UART_DataPack.AirConditioning[2] = AF_Data[3];
   \   00003C   8A82         MOV       DPL,R2
   \   00003E   8B83         MOV       DPH,R3
   \   000040   A3           INC       DPTR
   \   000041   A3           INC       DPTR
   \   000042   A3           INC       DPTR
   \   000043   E0           MOVX      A,@DPTR
   \   000044   90....       MOV       DPTR,#UART_DataPack + 15
   \   000047   F0           MOVX      @DPTR,A
    190            }
    191            if(AF_Data[0] == '4')
   \                     ??DataProcessing_2:
   \   000048   8A82         MOV       DPL,R2
   \   00004A   8B83         MOV       DPH,R3
   \   00004C   E0           MOVX      A,@DPTR
   \   00004D   6434         XRL       A,#0x34
   \   00004F   7006         JNZ       ??DataProcessing_3
    192            {
    193              UART_DataPack.DrinkingFountainStatus = AF_Data[1];
   \   000051   A3           INC       DPTR
   \   000052   E0           MOVX      A,@DPTR
   \   000053   90....       MOV       DPTR,#UART_DataPack + 16
   \   000056   F0           MOVX      @DPTR,A
    194            }
    195          }
   \                     ??DataProcessing_3:
   \   000057   02....       LJMP      ?Subroutine0 & 0xFFFF
    196          
    197          
    198          static void GenericApp_SendTheMessage(void)
    199          {
    200            afAddrType_t my_DstAddr;
    201            my_DstAddr.addrMode = (afAddrMode_t)AddrBroadcast;
    202            my_DstAddr.endPoint = GENERICAPP_ENDPOINT;
    203            my_DstAddr.addr.shortAddr = 0XFFFF;
    204            AF_DataRequest(      &my_DstAddr,
    205                                 &GenericApp_epDesc,
    206                                 GENERICAPP_CLUSTERID,
    207                                 7,
    208                                 AF_DataPack,
    209                                 &GenericApp_TransID,
    210                                 AF_DISCV_ROUTE,
    211                                 AF_DEFAULT_RADIUS );
    212          }
    213          
    214                                                                                                                         

   \                                 In  segment BANKED_CODE, align 1, keep-with-next
    215          static void rxCB(uint8 port,uint8 event)     //port 端口   采用串口‘0’
   \                     rxCB:
    216          {
   \   000000                REQUIRE ?V0
   \   000000                REQUIRE ?V1
   \   000000                REQUIRE ?V2
   \   000000   74F5         MOV       A,#-0xb
   \   000002   12....       LCALL     ?BANKED_ENTER_XDATA
   \   000005                ; Saved register size: 11
   \   000005                ; Auto size: 12
   \   000005   74F4         MOV       A,#-0xc
   \   000007   12....       LCALL     ?ALLOC_XSTACK8
    217             HalUARTRead(0,cache,17);
   \   00000A                ; Setup parameters for call to function HalUARTRead
   \   00000A   7C11         MOV       R4,#0x11
   \   00000C   7D00         MOV       R5,#0x0
   \   00000E   7A..         MOV       R2,#cache & 0xff
   \   000010   7B..         MOV       R3,#(cache >> 8) & 0xff
   \   000012   7900         MOV       R1,#0x0
   \   000014   12....       LCALL     `??HalUARTRead::?relay`; Banked call to: HalUARTRead
    218             int flag = 1;
    219             if(osal_memcmp(cache,"Maker116114",11) && flag == 1)
   \   000017                ; Setup parameters for call to function osal_memcmp
   \   000017   75....       MOV       ?V0,#`?<Constant "Maker116114">` & 0xff
   \   00001A   75....       MOV       ?V1,#(`?<Constant "Maker116114">` >> 8) & 0xff
   \   00001D   75..00       MOV       ?V2,#0x0
   \   000020   78..         MOV       R0,#?V0
   \   000022   12....       LCALL     ?PUSH_XSTACK_I_THREE
   \   000025   7C0B         MOV       R4,#0xb
   \   000027   7D00         MOV       R5,#0x0
   \   000029   79..         MOV       R1,#cache & 0xff
   \   00002B   7A..         MOV       R2,#(cache >> 8) & 0xff
   \   00002D   7B00         MOV       R3,#0x0
   \   00002F   12....       LCALL     `??osal_memcmp::?relay`; Banked call to: osal_memcmp
   \   000032   7403         MOV       A,#0x3
   \   000034   12....       LCALL     ?DEALLOC_XSTACK8
   \   000037   E9           MOV       A,R1
   \   000038   7003         JNZ       $+5
   \   00003A   02....       LJMP      ??rxCB_0 & 0xFFFF
    220             {
    221               for(int i=0;i<7;i++)
   \   00003D   7800         MOV       R0,#0x0
   \   00003F   7900         MOV       R1,#0x0
    222               {
    223                  AF_DataPack[i] = cache[i+11];
   \                     ??rxCB_1:
   \   000041   74..         MOV       A,#(cache + 11) & 0xff
   \   000043   28           ADD       A,R0
   \   000044   F582         MOV       DPL,A
   \   000046   74..         MOV       A,#((cache + 11) >> 8) & 0xff
   \   000048   39           ADDC      A,R1
   \   000049   F583         MOV       DPH,A
   \   00004B   E0           MOVX      A,@DPTR
   \   00004C   C0E0         PUSH      A
   \   00004E   74..         MOV       A,#AF_DataPack & 0xff
   \   000050   28           ADD       A,R0
   \   000051   F582         MOV       DPL,A
   \   000053   74..         MOV       A,#(AF_DataPack >> 8) & 0xff
   \   000055   39           ADDC      A,R1
   \   000056   F583         MOV       DPH,A
   \   000058   D0E0         POP       A
   \   00005A   F0           MOVX      @DPTR,A
    224               }
   \   00005B   08           INC       R0
   \   00005C   E8           MOV       A,R0
   \   00005D   7001         JNZ       ??rxCB_2
   \   00005F   09           INC       R1
   \                     ??rxCB_2:
   \   000060   C3           CLR       C
   \   000061   9407         SUBB      A,#0x7
   \   000063   12....       LCALL     ?Subroutine1 & 0xFFFF
   \                     ??CrossCallReturnLabel_2:
   \   000066   40D9         JC        ??rxCB_1
    225               GenericApp_SendTheMessage();
   \   000068   7408         MOV       A,#0x8
   \   00006A   12....       LCALL     ?XSTACK_DISP0_8
   \   00006D   740F         MOV       A,#0xf
   \   00006F   F0           MOVX      @DPTR,A
   \   000070   7409         MOV       A,#0x9
   \   000072   12....       LCALL     ?XSTACK_DISP0_8
   \   000075   740A         MOV       A,#0xa
   \   000077   F0           MOVX      @DPTR,A
   \   000078   85..82       MOV       DPL,?XSP + 0
   \   00007B   85..83       MOV       DPH,?XSP + 1
   \   00007E   74FF         MOV       A,#-0x1
   \   000080   F0           MOVX      @DPTR,A
   \   000081   A3           INC       DPTR
   \   000082   F0           MOVX      @DPTR,A
   \   000083                ; Setup parameters for call to function AF_DataRequest
   \   000083   75..1E       MOV       ?V0,#0x1e
   \   000086   78..         MOV       R0,#?V0
   \   000088   12....       LCALL     ?PUSH_XSTACK_I_ONE
   \   00008B   75....       MOV       ?V0,#GenericApp_TransID & 0xff
   \   00008E   75....       MOV       ?V1,#(GenericApp_TransID >> 8) & 0xff
   \   000091   78..         MOV       R0,#?V0
   \   000093   12....       LCALL     ?PUSH_XSTACK_I_TWO
   \   000096   75....       MOV       ?V0,#AF_DataPack & 0xff
   \   000099   75....       MOV       ?V1,#(AF_DataPack >> 8) & 0xff
   \   00009C   78..         MOV       R0,#?V0
   \   00009E   12....       LCALL     ?PUSH_XSTACK_I_TWO
   \   0000A1   75..07       MOV       ?V0,#0x7
   \   0000A4   75..00       MOV       ?V1,#0x0
   \   0000A7   78..         MOV       R0,#?V0
   \   0000A9   12....       LCALL     ?PUSH_XSTACK_I_TWO
   \   0000AC   75..01       MOV       ?V0,#0x1
   \   0000AF   78..         MOV       R0,#?V0
   \   0000B1   12....       LCALL     ?PUSH_XSTACK_I_TWO
   \   0000B4   7920         MOV       R1,#0x20
   \   0000B6   7C..         MOV       R4,#GenericApp_epDesc & 0xff
   \   0000B8   7D..         MOV       R5,#(GenericApp_epDesc >> 8) & 0xff
   \   0000BA   7409         MOV       A,#0x9
   \   0000BC   12....       LCALL     ?XSTACK_DISP101_8
   \   0000BF   12....       LCALL     `??AF_DataRequest::?relay`; Banked call to: AF_DataRequest
   \   0000C2   7409         MOV       A,#0x9
   \   0000C4   12....       LCALL     ?DEALLOC_XSTACK8
    226               HalLedBlink(HAL_LED_2,0,50,500);
   \   0000C7                ; Setup parameters for call to function HalLedBlink
   \   0000C7   7CF4         MOV       R4,#-0xc
   \   0000C9   7D01         MOV       R5,#0x1
   \   0000CB   7B32         MOV       R3,#0x32
   \   0000CD   7A00         MOV       R2,#0x0
   \   0000CF   7902         MOV       R1,#0x2
   \   0000D1   12....       LCALL     `??HalLedBlink::?relay`; Banked call to: HalLedBlink
    227               flag = 0;
    228             }
    229          
    230          }
   \                     ??rxCB_0:
   \   0000D4   740C         MOV       A,#0xc
   \   0000D6   12....       LCALL     ?DEALLOC_XSTACK8
   \   0000D9   7F03         MOV       R7,#0x3
   \   0000DB   02....       LJMP      ?BANKED_LEAVE_XDATA
    231          

   \                                 In  segment BANKED_CODE, align 1, keep-with-next
    232          void delay(long i)
   \                     delay:
    233          {
   \   000000                REQUIRE ?V0
   \   000000                REQUIRE ?V1
   \   000000                REQUIRE ?V2
   \   000000                REQUIRE ?V3
   \   000000                REQUIRE ?V4
   \   000000                REQUIRE ?V5
   \   000000                REQUIRE ?V6
   \   000000                REQUIRE ?V7
   \   000000   74F0         MOV       A,#-0x10
   \   000002   12....       LCALL     ?BANKED_ENTER_XDATA
   \   000005                ; Saved register size: 16
   \   000005                ; Auto size: 0
   \   000005   8A..         MOV       ?V0,R2
   \   000007   8B..         MOV       ?V1,R3
   \   000009   8C..         MOV       ?V2,R4
   \   00000B   8D..         MOV       ?V3,R5
    234            while(i--);
   \                     ??delay_0:
   \   00000D   85....       MOV       ?V4,?V0
   \   000010   85....       MOV       ?V5,?V1
   \   000013   85....       MOV       ?V6,?V2
   \   000016   85....       MOV       ?V7,?V3
   \   000019   90....       MOV       DPTR,#__Constant_ffffffff
   \   00001C   78..         MOV       R0,#?V0
   \   00001E   12....       LCALL     ?L_ADD_X
   \   000021   E5..         MOV       A,?V4
   \   000023   45..         ORL       A,?V5
   \   000025   45..         ORL       A,?V6
   \   000027   45..         ORL       A,?V7
   \   000029   70E2         JNZ       ??delay_0
    235          }
   \   00002B   7F08         MOV       R7,#0x8
   \   00002D   02....       LJMP      ?BANKED_LEAVE_XDATA

   \                                 In  segment XDATA_ID, align 1, keep-with-next
   \                     `?<Initializer for This_username>`:
   \   000000   4D616B65     DB "Maker"
   \            7200    

   \                                 In  segment XDATA_ID, align 1, keep-with-next
   \                     `?<Initializer for This_password>`:
   \   000000   31313631     DB "116114"
   \            313400  

   \                                 In  segment BANK_RELAYS, align 1
   \                     `??GenericApp_Init::?relay`:
   \   000000   12....       LCALL   ?BDISPATCH
   \   000003   ......       DC24    GenericApp_Init

   \                                 In  segment BANK_RELAYS, align 1
   \                     `??DataInit::?relay`:
   \   000000   12....       LCALL   ?BDISPATCH
   \   000003   ......       DC24    DataInit

   \                                 In  segment BANK_RELAYS, align 1
   \                     `??GenericApp_ProcessEvent::?relay`:
   \   000000   12....       LCALL   ?BDISPATCH
   \   000003   ......       DC24    GenericApp_ProcessEvent

   \                                 In  segment BANK_RELAYS, align 1
   \                     `??DataProcessing::?relay`:
   \   000000   12....       LCALL   ?BDISPATCH
   \   000003   ......       DC24    DataProcessing

   \                                 In  segment BANK_RELAYS, align 1
   \                     `??rxCB::?relay`:
   \   000000   12....       LCALL   ?BDISPATCH
   \   000003   ......       DC24    rxCB

   \                                 In  segment BANK_RELAYS, align 1
   \                     `??delay::?relay`:
   \   000000   12....       LCALL   ?BDISPATCH
   \   000003   ......       DC24    delay

   \                                 In  segment XDATA_ROM_C, align 1
   \                     `?<Constant "Maker116114">`:
   \   000000   4D616B65     DB "Maker116114"
   \            72313136
   \            31313400

   \                                 In  segment XDATA_ROM_C, align 1
   \                     __Constant_ffffffff:
   \   000000   FFFFFFFF     DD -1

   Maximum stack usage in bytes:

   ISTACK XSTACK Function
   ------ ------ --------
      3     38   DataInit
      2     18   DataProcessing
      0     38   GenericApp_Init
        0     38   -> DataInit
        0     38   -> HalUARTOpen
        0     38   -> afRegister
      0     21   GenericApp_ProcessEvent
        0     18   -> DataProcessing
        0     18   -> HalUARTWrite
        0     21   -> osal_memcpy
        0     18   -> osal_msg_deallocate
        0     18   -> osal_msg_receive
      0     16   delay
      1     32   rxCB
        0     32   -> AF_DataRequest
        0     23   -> HalLedBlink
        0     23   -> HalUARTRead
        0     26   -> osal_memcmp


   Segment part sizes:

   Bytes  Function/Label
   -----  --------------
      12  ?<Constant "Maker116114">
       7  ?<Initializer for This_password>
       6  ?<Initializer for This_username>
       7  ?Subroutine0
       9  ?Subroutine1
       7  AF_DataPack
     116  DataInit
       6  DataInit::?relay
      90  DataProcessing
       6  DataProcessing::?relay
       2  GenericApp_ClusterList
     108  GenericApp_Init
       6  GenericApp_Init::?relay
     154  GenericApp_ProcessEvent
       6  GenericApp_ProcessEvent::?relay
      12  GenericApp_SimpleDesc
       1  GenericApp_TaskID
       1  GenericApp_TransID
       6  GenericApp_epDesc
       7  This_password
       6  This_username
      18  UART_DataPack
       4  __Constant_ffffffff
     128  cache
      48  delay
       6  delay::?relay
       2  reply
     222  rxCB
       6  rxCB::?relay

 
 754 bytes in segment BANKED_CODE
  36 bytes in segment BANK_RELAYS
  13 bytes in segment XDATA_I
  13 bytes in segment XDATA_ID
  30 bytes in segment XDATA_ROM_C
 163 bytes in segment XDATA_Z
 
  49 bytes of CODE     memory
  26 bytes of CONST    memory (+ 4 bytes shared)
 754 bytes of HUGECODE memory
 176 bytes of XDATA    memory

Errors: none
Warnings: none
